// Jest Snapshot v1, https://goo.gl/fbAQLP

exports[`TagListItem renders correctly 1`] = `
<button
  className="tagList-item"
  onClick={[Function]}
>
  <span
    className="tagList-item-name"
  >
    # Test
    <span
      className="tagList-item-count"
    >
       
    </span>
  </span>
</button>
`;
